MPLINK 5.09, LINKER
Linker Map File - Created Wed Jun 25 11:28:30 2025

                                 Section Info
                  Section       Type    Address   Location Size(Bytes)
                ---------  ---------  ---------  ---------  ---------
                   .org_0       code   0x000000    program   0x000002
                   .cinit    romdata   0x000001    program   0x000004
                   .org_1       code   0x000004    program   0x0002c6
.config_2007_BUILD/DEFAULT/PRODUCTION/TRABAJO       code   0x002007    program   0x000002



                              Program Memory Usage 
                               Start         End      
                           ---------   ---------      
                            0x000000    0x000002      
                            0x000004    0x000166      
                            0x002007    0x002007      
            359 out of 8455 program addresses used, program memory utilization is 4%



                              Symbols - Sorted by Name
                     Name    Address   Location    Storage File                     
                ---------  ---------  ---------  --------- ---------                
              AJUSTAR_BCD   0x0000b1    program     static C:\Users\NoteBook\MPLABXProjects\TrabajoPracticoFinal.X\TrabajoPracticoFinal.asm
             CORTINA_LEFT   0x00004e    program     static C:\Users\NoteBook\MPLABXProjects\TrabajoPracticoFinal.X\TrabajoPracticoFinal.asm
            CORTINA_RIGHT   0x000056    program     static C:\Users\NoteBook\MPLABXProjects\TrabajoPracticoFinal.X\TrabajoPracticoFinal.asm
                 DELAY_1S   0x00013f    program     static C:\Users\NoteBook\MPLABXProjects\TrabajoPracticoFinal.X\TrabajoPracticoFinal.asm
              DELAY_200MS   0x000139    program     static C:\Users\NoteBook\MPLABXProjects\TrabajoPracticoFinal.X\TrabajoPracticoFinal.asm
               DELAY_20MS   0x00012f    program     static C:\Users\NoteBook\MPLABXProjects\TrabajoPracticoFinal.X\TrabajoPracticoFinal.asm
     ENVIAR_PARTIDA_USART   0x000095    program     static C:\Users\NoteBook\MPLABXProjects\TrabajoPracticoFinal.X\TrabajoPracticoFinal.asm
           ESCANEAR_FILAS   0x0000be    program     static C:\Users\NoteBook\MPLABXProjects\TrabajoPracticoFinal.X\TrabajoPracticoFinal.asm
           ESCANEAR_TECLA   0x0000bb    program     static C:\Users\NoteBook\MPLABXProjects\TrabajoPracticoFinal.X\TrabajoPracticoFinal.asm
         ESPERAR_DESBORDE   0x000135    program     static C:\Users\NoteBook\MPLABXProjects\TrabajoPracticoFinal.X\TrabajoPracticoFinal.asm
                 GAMEOVER   0x000095    program     static C:\Users\NoteBook\MPLABXProjects\TrabajoPracticoFinal.X\TrabajoPracticoFinal.asm
             GUARDAR_DATO   0x000115    program     static C:\Users\NoteBook\MPLABXProjects\TrabajoPracticoFinal.X\TrabajoPracticoFinal.asm
                      ISR   0x0000a2    program     static C:\Users\NoteBook\MPLABXProjects\TrabajoPracticoFinal.X\TrabajoPracticoFinal.asm
          JUGADOR_JUGANDO   0x000091    program     static C:\Users\NoteBook\MPLABXProjects\TrabajoPracticoFinal.X\TrabajoPracticoFinal.asm
                 LED_LOOP   0x00011e    program     static C:\Users\NoteBook\MPLABXProjects\TrabajoPracticoFinal.X\TrabajoPracticoFinal.asm
            LIMPIAR_BUCLE   0x00002a    program     static C:\Users\NoteBook\MPLABXProjects\TrabajoPracticoFinal.X\TrabajoPracticoFinal.asm
              LIMPIAR_FIN   0x000031    program     static C:\Users\NoteBook\MPLABXProjects\TrabajoPracticoFinal.X\TrabajoPracticoFinal.asm
              LIMPIAR_RAM   0x000026    program     static C:\Users\NoteBook\MPLABXProjects\TrabajoPracticoFinal.X\TrabajoPracticoFinal.asm
                  LOOP_1S   0x000141    program     static C:\Users\NoteBook\MPLABXProjects\TrabajoPracticoFinal.X\TrabajoPracticoFinal.asm
               LOOP_200MS   0x00013b    program     static C:\Users\NoteBook\MPLABXProjects\TrabajoPracticoFinal.X\TrabajoPracticoFinal.asm
            LOOP_GAMEOVER   0x00009a    program     static C:\Users\NoteBook\MPLABXProjects\TrabajoPracticoFinal.X\TrabajoPracticoFinal.asm
             MOSTRAR_LEDS   0x00011c    program     static C:\Users\NoteBook\MPLABXProjects\TrabajoPracticoFinal.X\TrabajoPracticoFinal.asm
              MOSTRAR_SEC   0x00007e    program     static C:\Users\NoteBook\MPLABXProjects\TrabajoPracticoFinal.X\TrabajoPracticoFinal.asm
             MUX_DISPLAYS   0x000145    program     static C:\Users\NoteBook\MPLABXProjects\TrabajoPracticoFinal.X\TrabajoPracticoFinal.asm
                  NUMRAND   0x0000f1    program     static C:\Users\NoteBook\MPLABXProjects\TrabajoPracticoFinal.X\TrabajoPracticoFinal.asm
               OFFSET_COL   0x0000d6    program     static C:\Users\NoteBook\MPLABXProjects\TrabajoPracticoFinal.X\TrabajoPracticoFinal.asm
                 PARPADEO   0x000034    program     static C:\Users\NoteBook\MPLABXProjects\TrabajoPracticoFinal.X\TrabajoPracticoFinal.asm
        REINICIAR_PARTIDA   0x0000b6    program     static C:\Users\NoteBook\MPLABXProjects\TrabajoPracticoFinal.X\TrabajoPracticoFinal.asm
                   SALUDO   0x000034    program     static C:\Users\NoteBook\MPLABXProjects\TrabajoPracticoFinal.X\TrabajoPracticoFinal.asm
            SETEAR_TIMER1   0x00012f    program     static C:\Users\NoteBook\MPLABXProjects\TrabajoPracticoFinal.X\TrabajoPracticoFinal.asm
                    START   0x000005    program     static C:\Users\NoteBook\MPLABXProjects\TrabajoPracticoFinal.X\TrabajoPracticoFinal.asm
            SUMAR_PARTIDA   0x0000a6    program     static C:\Users\NoteBook\MPLABXProjects\TrabajoPracticoFinal.X\TrabajoPracticoFinal.asm
                   SUMO_4   0x0000dc    program     static C:\Users\NoteBook\MPLABXProjects\TrabajoPracticoFinal.X\TrabajoPracticoFinal.asm
               TABLA_LEDS   0x00005f    program     static C:\Users\NoteBook\MPLABXProjects\TrabajoPracticoFinal.X\TrabajoPracticoFinal.asm
         TABLA_SEGMENTOS1   0x000073    program     static C:\Users\NoteBook\MPLABXProjects\TrabajoPracticoFinal.X\TrabajoPracticoFinal.asm
         TABLA_SEGMENTOS2   0x000068    program     static C:\Users\NoteBook\MPLABXProjects\TrabajoPracticoFinal.X\TrabajoPracticoFinal.asm
                VERIFICAR   0x0000e6    program     static C:\Users\NoteBook\MPLABXProjects\TrabajoPracticoFinal.X\TrabajoPracticoFinal.asm
             WAIT_RELEASE   0x0000df    program     static C:\Users\NoteBook\MPLABXProjects\TrabajoPracticoFinal.X\TrabajoPracticoFinal.asm
             _.org_1_00F3   0x0000f3    program     static C:\Users\NoteBook\MPLABXProjects\TrabajoPracticoFinal.X\TrabajoPracticoFinal.asm
             _.org_1_00FD   0x0000fd    program     static C:\Users\NoteBook\MPLABXProjects\TrabajoPracticoFinal.X\TrabajoPracticoFinal.asm
             _.org_1_0109   0x000109    program     static C:\Users\NoteBook\MPLABXProjects\TrabajoPracticoFinal.X\TrabajoPracticoFinal.asm



                              Symbols - Sorted by Address
                     Name    Address   Location    Storage File                     
                ---------  ---------  ---------  --------- ---------                
                    START   0x000005    program     static C:\Users\NoteBook\MPLABXProjects\TrabajoPracticoFinal.X\TrabajoPracticoFinal.asm
              LIMPIAR_RAM   0x000026    program     static C:\Users\NoteBook\MPLABXProjects\TrabajoPracticoFinal.X\TrabajoPracticoFinal.asm
            LIMPIAR_BUCLE   0x00002a    program     static C:\Users\NoteBook\MPLABXProjects\TrabajoPracticoFinal.X\TrabajoPracticoFinal.asm
              LIMPIAR_FIN   0x000031    program     static C:\Users\NoteBook\MPLABXProjects\TrabajoPracticoFinal.X\TrabajoPracticoFinal.asm
                 PARPADEO   0x000034    program     static C:\Users\NoteBook\MPLABXProjects\TrabajoPracticoFinal.X\TrabajoPracticoFinal.asm
                   SALUDO   0x000034    program     static C:\Users\NoteBook\MPLABXProjects\TrabajoPracticoFinal.X\TrabajoPracticoFinal.asm
             CORTINA_LEFT   0x00004e    program     static C:\Users\NoteBook\MPLABXProjects\TrabajoPracticoFinal.X\TrabajoPracticoFinal.asm
            CORTINA_RIGHT   0x000056    program     static C:\Users\NoteBook\MPLABXProjects\TrabajoPracticoFinal.X\TrabajoPracticoFinal.asm
               TABLA_LEDS   0x00005f    program     static C:\Users\NoteBook\MPLABXProjects\TrabajoPracticoFinal.X\TrabajoPracticoFinal.asm
         TABLA_SEGMENTOS2   0x000068    program     static C:\Users\NoteBook\MPLABXProjects\TrabajoPracticoFinal.X\TrabajoPracticoFinal.asm
         TABLA_SEGMENTOS1   0x000073    program     static C:\Users\NoteBook\MPLABXProjects\TrabajoPracticoFinal.X\TrabajoPracticoFinal.asm
              MOSTRAR_SEC   0x00007e    program     static C:\Users\NoteBook\MPLABXProjects\TrabajoPracticoFinal.X\TrabajoPracticoFinal.asm
          JUGADOR_JUGANDO   0x000091    program     static C:\Users\NoteBook\MPLABXProjects\TrabajoPracticoFinal.X\TrabajoPracticoFinal.asm
     ENVIAR_PARTIDA_USART   0x000095    program     static C:\Users\NoteBook\MPLABXProjects\TrabajoPracticoFinal.X\TrabajoPracticoFinal.asm
                 GAMEOVER   0x000095    program     static C:\Users\NoteBook\MPLABXProjects\TrabajoPracticoFinal.X\TrabajoPracticoFinal.asm
            LOOP_GAMEOVER   0x00009a    program     static C:\Users\NoteBook\MPLABXProjects\TrabajoPracticoFinal.X\TrabajoPracticoFinal.asm
                      ISR   0x0000a2    program     static C:\Users\NoteBook\MPLABXProjects\TrabajoPracticoFinal.X\TrabajoPracticoFinal.asm
            SUMAR_PARTIDA   0x0000a6    program     static C:\Users\NoteBook\MPLABXProjects\TrabajoPracticoFinal.X\TrabajoPracticoFinal.asm
              AJUSTAR_BCD   0x0000b1    program     static C:\Users\NoteBook\MPLABXProjects\TrabajoPracticoFinal.X\TrabajoPracticoFinal.asm
        REINICIAR_PARTIDA   0x0000b6    program     static C:\Users\NoteBook\MPLABXProjects\TrabajoPracticoFinal.X\TrabajoPracticoFinal.asm
           ESCANEAR_TECLA   0x0000bb    program     static C:\Users\NoteBook\MPLABXProjects\TrabajoPracticoFinal.X\TrabajoPracticoFinal.asm
           ESCANEAR_FILAS   0x0000be    program     static C:\Users\NoteBook\MPLABXProjects\TrabajoPracticoFinal.X\TrabajoPracticoFinal.asm
               OFFSET_COL   0x0000d6    program     static C:\Users\NoteBook\MPLABXProjects\TrabajoPracticoFinal.X\TrabajoPracticoFinal.asm
                   SUMO_4   0x0000dc    program     static C:\Users\NoteBook\MPLABXProjects\TrabajoPracticoFinal.X\TrabajoPracticoFinal.asm
             WAIT_RELEASE   0x0000df    program     static C:\Users\NoteBook\MPLABXProjects\TrabajoPracticoFinal.X\TrabajoPracticoFinal.asm
                VERIFICAR   0x0000e6    program     static C:\Users\NoteBook\MPLABXProjects\TrabajoPracticoFinal.X\TrabajoPracticoFinal.asm
                  NUMRAND   0x0000f1    program     static C:\Users\NoteBook\MPLABXProjects\TrabajoPracticoFinal.X\TrabajoPracticoFinal.asm
             _.org_1_00F3   0x0000f3    program     static C:\Users\NoteBook\MPLABXProjects\TrabajoPracticoFinal.X\TrabajoPracticoFinal.asm
             _.org_1_00FD   0x0000fd    program     static C:\Users\NoteBook\MPLABXProjects\TrabajoPracticoFinal.X\TrabajoPracticoFinal.asm
             _.org_1_0109   0x000109    program     static C:\Users\NoteBook\MPLABXProjects\TrabajoPracticoFinal.X\TrabajoPracticoFinal.asm
             GUARDAR_DATO   0x000115    program     static C:\Users\NoteBook\MPLABXProjects\TrabajoPracticoFinal.X\TrabajoPracticoFinal.asm
             MOSTRAR_LEDS   0x00011c    program     static C:\Users\NoteBook\MPLABXProjects\TrabajoPracticoFinal.X\TrabajoPracticoFinal.asm
                 LED_LOOP   0x00011e    program     static C:\Users\NoteBook\MPLABXProjects\TrabajoPracticoFinal.X\TrabajoPracticoFinal.asm
               DELAY_20MS   0x00012f    program     static C:\Users\NoteBook\MPLABXProjects\TrabajoPracticoFinal.X\TrabajoPracticoFinal.asm
            SETEAR_TIMER1   0x00012f    program     static C:\Users\NoteBook\MPLABXProjects\TrabajoPracticoFinal.X\TrabajoPracticoFinal.asm
         ESPERAR_DESBORDE   0x000135    program     static C:\Users\NoteBook\MPLABXProjects\TrabajoPracticoFinal.X\TrabajoPracticoFinal.asm
              DELAY_200MS   0x000139    program     static C:\Users\NoteBook\MPLABXProjects\TrabajoPracticoFinal.X\TrabajoPracticoFinal.asm
               LOOP_200MS   0x00013b    program     static C:\Users\NoteBook\MPLABXProjects\TrabajoPracticoFinal.X\TrabajoPracticoFinal.asm
                 DELAY_1S   0x00013f    program     static C:\Users\NoteBook\MPLABXProjects\TrabajoPracticoFinal.X\TrabajoPracticoFinal.asm
                  LOOP_1S   0x000141    program     static C:\Users\NoteBook\MPLABXProjects\TrabajoPracticoFinal.X\TrabajoPracticoFinal.asm
             MUX_DISPLAYS   0x000145    program     static C:\Users\NoteBook\MPLABXProjects\TrabajoPracticoFinal.X\TrabajoPracticoFinal.asm


